mode: set
github.com/idontknowtoobrother/hctx/file_ctx.go:22.66,24.12 2 1
github.com/idontknowtoobrother/hctx/file_ctx.go:24.12,26.3 1 1
github.com/idontknowtoobrother/hctx/file_ctx.go:27.2,27.20 1 1
github.com/idontknowtoobrother/hctx/file_ctx.go:31.73,32.18 1 1
github.com/idontknowtoobrother/hctx/file_ctx.go:32.18,34.3 1 1
github.com/idontknowtoobrother/hctx/file_ctx.go:35.2,35.48 1 1
github.com/idontknowtoobrother/hctx/file_ctx.go:39.42,40.31 1 1
github.com/idontknowtoobrother/hctx/file_ctx.go:40.31,42.3 1 1
github.com/idontknowtoobrother/hctx/file_ctx.go:43.2,43.46 1 1
github.com/idontknowtoobrother/hctx/file_ctx.go:43.46,44.38 1 1
github.com/idontknowtoobrother/hctx/file_ctx.go:44.38,46.4 1 1
github.com/idontknowtoobrother/hctx/file_ctx.go:48.2,48.14 1 1
github.com/idontknowtoobrother/hctx/file_ctx.go:52.40,53.29 1 1
github.com/idontknowtoobrother/hctx/file_ctx.go:53.29,54.32 1 1
github.com/idontknowtoobrother/hctx/file_ctx.go:54.32,56.4 1 1
github.com/idontknowtoobrother/hctx/file_ctx.go:58.2,58.13 1 1
github.com/idontknowtoobrother/hctx/gctx.go:14.53,16.2 1 1
github.com/idontknowtoobrother/hctx/gctx.go:19.35,21.2 1 1
github.com/idontknowtoobrother/hctx/gctx.go:24.67,25.16 1 1
github.com/idontknowtoobrother/hctx/gctx.go:25.16,28.3 2 1
github.com/idontknowtoobrother/hctx/gctx.go:29.2,30.18 2 1
github.com/idontknowtoobrother/hctx/gctx.go:34.87,36.2 1 1
github.com/idontknowtoobrother/hctx/gctx.go:39.83,41.2 1 1
github.com/idontknowtoobrother/hctx/ref_ctx.go:18.60,22.26 3 1
github.com/idontknowtoobrother/hctx/ref_ctx.go:22.26,24.3 1 1
github.com/idontknowtoobrother/hctx/ref_ctx.go:24.8,26.3 1 1
github.com/idontknowtoobrother/hctx/ref_ctx.go:28.2,29.21 2 1
github.com/idontknowtoobrother/hctx/ref_ctx.go:33.60,34.16 1 1
github.com/idontknowtoobrother/hctx/ref_ctx.go:34.16,36.3 1 1
github.com/idontknowtoobrother/hctx/ref_ctx.go:38.2,42.34 3 1
github.com/idontknowtoobrother/hctx/ref_ctx.go:46.79,47.16 1 1
github.com/idontknowtoobrother/hctx/ref_ctx.go:47.16,49.3 1 1
github.com/idontknowtoobrother/hctx/ref_ctx.go:51.2,54.46 3 1
